// Jest Snapshot v1, https://goo.gl/fbAQLP

exports[`对ReportTopic组件进行的单元测试 create expected html structure 1`] = `
<div
  class="theme-bj"
>
  <bubble-stub
    title="报表主题"
  />
   
  <div
    class="theme-wrap"
  >
    <ul
      class="theme-list clearfix"
    >
      <router-link-stub
        event="click"
        tag="a"
        to="/businessOpa"
      >
        <li
          class="theme-item"
        >
          <div
            class="li-inner"
          >
            <p
              class="theme-p"
            >
              <i
                class="uk-icon uk-icon-yewu"
              />
            </p>
             
            <p
              class="theme-label"
            >
              业务经营
            </p>
          </div>
        </li>
      </router-link-stub>
      <router-link-stub
        event="click"
        tag="a"
        to="/home"
      >
        <li
          class="theme-item"
        >
          <div
            class="li-inner"
          >
            <p
              class="theme-p"
            >
              <i
                class="uk-icon uk-icon-zhuti"
              />
            </p>
             
            <p
              class="theme-label"
            >
              数据质量
            </p>
          </div>
        </li>
      </router-link-stub>
    </ul>
  </div>
   
  <bottombtn-stub
    btn="reportTopic"
  />
</div>
`;
